<html>
<body>
<pre>
<h1>µVision Build Log</h1>
<h2>Tool Versions:</h2>
IDE-Version: µVision V5.42.0.0
Copyright (C) 2025 ARM Ltd and ARM Germany GmbH. All rights reserved.
License Information: Joshua Serrano, n/a, LIC=----
 
Tool Versions:
Toolchain:       MDK-Lite  Version: 5.42.0.0
Toolchain Path:  C:\Users\Joshua\AppData\Local\Keil_v5\ARM\ARM_Compiler_5.06u7\Bin
C Compiler:      Armcc.exe V5.06 update 7 (build 960)
Assembler:       Armasm.exe V5.06 update 7 (build 960)
Linker/Locator:  ArmLink.exe V5.06 update 7 (build 960)
Library Manager: ArmAr.exe V5.06 update 7 (build 960)
Hex Converter:   FromElf.exe V5.06 update 7 (build 960)
CPU DLL:         SARMCM3.DLL V5.42.0.0
Dialog DLL:      DCM.DLL V1.17.5.0
Target DLL:      lmidk-agdi.dll V???
Dialog DLL:      TCM.DLL V1.56.6.0
 
<h2>Project:</h2>
C:\Users\Joshua\AppData\Local\Keil_v5\TM4C123Valvanoware\Lab1_4C123\Lab1.uvprojx
Project File Date:  02/19/2026

<h2>Output:</h2>
*** Using Compiler 'V5.06 update 7 (build 960)', folder: 'C:\Users\Joshua\AppData\Local\Keil_v5\ARM\ARM_Compiler_5.06u7\Bin'
Build target 'Target'
assembling startup_TM4C123.s...
compiling Lab1.c...
compiling system_TM4C123.c...
compiling Profile.c...
compiling BSP.c...
linking...
Program Size: Code=10580 RO-data=2128 RW-data=276 ZI-data=2644  
".\Objects\Lab1.axf" - 0 Error(s), 0 Warning(s).

<h2>Software Packages used:</h2>

Package Vendor: ARM
                http://www.keil.com/pack/ARM.CMSIS.5.0.0.pack
                ARM::CMSIS@5.0.0
                CMSIS (Cortex Microcontroller Software Interface Standard)
   * Component: CORE Version: 5.0.0

Package Vendor: Keil
                http://www.keil.com/pack/Keil.TM4C_DFP.1.1.0.pack
                Keil::TM4C_DFP@1.1.0
                Texas Instruments Tiva C Series Device Support and Examples
   * Component: Startup Version: 1.0.1

<h2>Collection of Component include folders:</h2>
  ./RTE/_Target
  C:/Users/Joshua/AppData/Local/Arm/Packs/ARM/CMSIS/5.0.0/CMSIS/Include
  C:/Users/Joshua/AppData/Local/Arm/Packs/Keil/TM4C_DFP/1.1.0/Device/Include/TM4C123

<h2>Collection of Component Files used:</h2>

   * Component: ARM::CMSIS:CORE@5.0.0

   * Component: Keil::Device:Startup@1.0.1
      Source file:   Device/Source/ARM/startup_TM4C123.s
      Source file:   Device/Source/system_TM4C123.c
      Include file:  Device/Include/TM4C123/TM4C123.h
Build Time Elapsed:  00:00:01
</pre>
</body>
</html>
